// Jest Snapshot v1, https://goo.gl/fbAQLP

exports[`calcCharacterStat chou_nu_er 1`] = `
Object {
  "details": Array [
    Object {
      "blank": true,
      "char": "
",
      "count": 7,
    },
    Object {
      "blank": false,
      "char": "，",
      "count": 4,
    },
    Object {
      "blank": false,
      "char": "。",
      "count": 4,
    },
    Object {
      "blank": false,
      "char": "愁",
      "count": 3,
    },
    Object {
      "blank": false,
      "char": "说",
      "count": 3,
    },
    Object {
      "blank": false,
      "char": "道",
      "count": 2,
    },
    Object {
      "blank": false,
      "char": "识",
      "count": 2,
    },
    Object {
      "blank": false,
      "char": "滋",
      "count": 2,
    },
    Object {
      "blank": false,
      "char": "味",
      "count": 2,
    },
    Object {
      "blank": false,
      "char": "爱",
      "count": 2,
    },
  ],
  "nonBlankTotal": 69,
  "total": 76,
  "uniqueNonBlankTotal": 48,
  "uniqueTotal": 49,
}
`;

exports[`calcCharacterStat ru_meng_ling 1`] = `
Object {
  "details": Array [
    Object {
      "blank": false,
      "char": "，",
      "count": 7,
    },
    Object {
      "blank": false,
      "char": "。",
      "count": 6,
    },
    Object {
      "blank": true,
      "char": "
",
      "count": 5,
    },
    Object {
      "blank": false,
      "char": "知",
      "count": 3,
    },
    Object {
      "blank": false,
      "char": "#",
      "count": 2,
    },
    Object {
      "blank": true,
      "char": " ",
      "count": 2,
    },
    Object {
      "blank": false,
      "char": "如",
      "count": 2,
    },
    Object {
      "blank": false,
      "char": "梦",
      "count": 2,
    },
    Object {
      "blank": false,
      "char": "令",
      "count": 2,
    },
    Object {
      "blank": false,
      "char": "·",
      "count": 2,
    },
  ],
  "nonBlankTotal": 102,
  "total": 109,
  "uniqueNonBlankTotal": 68,
  "uniqueTotal": 70,
}
`;
